(((terra nil base e1) (aigua) (terra nil) (terra b) (terra r) (aigua) (terra b) (aigua) (terra b) (aigua) (terra nil) (terra g) (terra r) (terra b) (terra g) (terra r) (terra r) (aigua) (terra r) (terra r) (aigua) (aigua) (terra r) (terra r) (terra r) (terra r) (terra nil) (aigua) (terra g) (aigua) (terra r) (terra g) (terra r) (terra nil lab) (terra g) (terra r) (terra r) (terra nil) (terra r) (terra r) (terra r) (terra nil) (terra r) (terra nil) (terra nil) (terra g) (aigua) (terra b) (terra r) (terra b) (terra nil) (terra nil) (aigua) (aigua) (terra g) (terra g) (terra b) (terra g) (terra g) (terra r))
 ((terra g) (aigua) (terra nil) (terra nil) (terra nil) (aigua) (terra nil) (terra r) (terra g) (terra g) (terra b) (terra nil) (terra nil) (terra r) (terra nil) (terra b) (terra b) (aigua) (terra nil) (terra g) (terra b) (aigua) (terra b) (terra r) (terra r) (terra r) (terra b) (terra g) (terra nil) (terra g) (terra g) (terra nil) (terra g) (terra nil) (terra r) (terra nil lab) (aigua) (terra g) (terra nil) (terra g) (terra nil) (terra r) (aigua) (terra nil) (aigua) (terra g) (terra r) (terra b) (terra b) (terra b) (terra nil) (terra g) (terra r) (terra b) (terra nil) (aigua) (terra b) (terra b) (terra nil) (terra nil))
 ((terra g) (terra nil) (terra r) (terra r) (terra nil lab) (terra r) (aigua) (terra r) (terra g) (terra r) (terra nil) (terra r) (aigua) (terra g) (terra r) (terra nil) (aigua) (terra nil) (terra r) (terra r) (terra g) (terra b) (terra g) (terra r) (aigua) (terra nil) (terra nil) (aigua) (aigua) (terra g) (terra r) (aigua) (terra nil) (terra r) (terra b) (terra g) (terra r) (terra b) (terra b) (terra g) (terra nil) (aigua) (terra g) (terra r) (terra g) (terra r) (terra r) (terra nil lab) (terra g) (aigua) (terra r) (terra r) (aigua) (terra nil lab) (terra g) (aigua) (terra b) (terra r) (terra b) (terra nil))
 ((aigua) (terra g) (aigua) (terra r) (terra g) (terra r) (terra nil) (terra g) (terra g) (terra b) (aigua) (terra nil) (terra nil) (aigua) (terra g) (aigua) (terra r) (terra nil lab) (terra g) (terra nil) (terra r) (terra g) (terra b) (terra nil) (terra nil) (terra g) (terra r) (terra r) (terra nil) (aigua) (terra b) (aigua) (terra g) (terra nil) (aigua) (terra nil) (terra b) (terra nil) (terra r) (aigua) (terra b) (terra b) (aigua) (terra nil) (terra b) (terra b) (terra r) (terra r) (terra nil) (aigua) (terra r) (terra b) (aigua) (terra nil) (terra b) (terra nil lab) (terra r) (terra nil lab) (terra b) (terra b))
 ((terra nil) (aigua) (terra g) (terra g) (terra g) (terra nil lab) (terra b) (terra g) (terra b) (terra g) (terra r) (terra r) (terra nil) (terra nil) (terra r) (terra b) (terra g) (terra b) (terra r) (terra nil) (terra r) (aigua) (terra g) (terra r) (terra g) (terra b) (terra b) (aigua) (terra g) (terra g) (terra g) (terra g) (aigua) (terra b) (terra nil) (terra g) (terra r) (aigua) (terra g) (terra b) (terra g) (terra b) (terra g) (terra r) (terra b) (terra b) (terra g) (terra g) (terra nil) (terra b) (terra g) (terra g) (terra r) (terra b) (terra g) (terra b) (terra g) (terra g) (aigua) (terra g))
 ((terra r) (terra g) (terra r) (terra nil) (terra b) (terra g) (terra r) (terra g) (terra nil) (terra nil) (terra b) (terra b) (terra b) (terra g) (terra b) (terra b) (terra b) (terra b) (terra g) (terra g) (terra b) (terra nil) (terra nil) (terra r) (terra nil) (aigua) (terra g) (terra b) (terra g) (terra r) (terra g) (terra b) (terra b) (terra r) (terra r) (terra b) (terra r) (terra nil) (terra g) (terra g) (terra g) (terra r) (terra g) (terra g) (terra r) (terra g) (terra r) (terra g) (terra b) (terra r) (aigua) (terra b) (terra g) (terra b) (terra g) (terra b) (terra b) (terra b) (terra nil) (terra b))
 ((terra g) (terra b) (terra nil) (terra g) (terra r) (terra r) (terra g) (terra nil) (terra b) (terra g) (terra nil) (terra b) (terra nil) (terra b) (terra r) (terra b) (terra g) (aigua) (terra nil) (terra g) (terra nil) (terra nil) (terra b) (terra r) (terra r) (terra nil) (terra b) (terra r) (terra g) (terra b) (terra nil) (terra r) (terra nil) (terra g) (terra g) (terra g) (terra r) (terra g) (terra g) (terra nil) (terra r) (terra r) (terra r) (terra g) (terra r) (aigua) (terra r) (terra r) (terra r) (terra b) (terra r) (terra nil) (terra nil lab) (terra r) (terra nil) (aigua) (terra b) (terra g) (terra g) (terra g))
 ((terra b) (terra r) (terra r) (terra nil) (terra nil) (terra g) (terra g) (terra b) (terra nil) (terra r) (terra nil) (aigua) (terra nil) (terra b) (terra r) (terra b) (terra b) (terra b) (terra nil) (terra r) (aigua) (terra g) (aigua) (terra nil) (terra b) (terra g) (terra nil) (terra g) (aigua) (terra nil) (terra b) (terra g) (terra r) (terra r) (terra nil) (terra g) (terra r) (terra g) (terra b) (aigua) (terra g) (terra nil) (terra nil lab) (terra b) (terra b) (aigua) (terra r) (terra g) (terra r) (terra r) (aigua) (terra r) (terra g) (terra b) (terra nil) (terra r) (aigua) (terra r) (terra b) (terra b))
 ((aigua) (terra b) (terra g) (terra b) (terra g) (terra b) (terra b) (terra nil) (aigua) (terra nil) (terra r) (terra r) (terra g) (terra r) (terra b) (terra b) (terra r) (terra nil) (terra g) (aigua) (terra b) (terra r) (terra g) (terra nil) (terra b) (terra b) (aigua) (terra r) (aigua) (terra r) (aigua) (terra nil lab) (terra r) (terra b) (terra g) (terra nil) (terra b) (terra nil) (aigua) (terra nil) (terra g) (terra r) (terra b) (terra r) (terra r) (aigua) (terra g) (terra nil) (terra nil) (terra b) (terra r) (terra g) (terra b) (terra nil) (terra b) (aigua) (terra g) (aigua) (terra g) (terra g))
 ((terra nil) (terra g) (terra nil) (aigua) (terra g) (terra g) (terra g) (terra g) (terra b) (terra r) (terra b) (terra b) (terra b) (terra b) (terra b) (terra g) (terra g) (terra r) (terra b) (aigua) (terra nil) (terra b) (terra b) (terra r) (aigua) (terra b) (terra r) (terra g) (terra b) (terra nil) (aigua) (terra g) (terra b) (terra r) (terra nil) (terra nil) (terra r) (aigua) (aigua) (terra r) (terra g) (terra b) (terra r) (terra nil) (terra g) (aigua) (terra nil lab) (terra r) (aigua) (terra nil) (terra b) (terra nil) (terra r) (terra b) (terra nil lab) (terra nil) (terra nil) (terra g) (terra b) (aigua))
 ((aigua) (terra r) (terra g) (terra g) (terra r) (terra g) (terra nil) (terra nil) (terra b) (terra nil) (terra g) (terra b) (aigua) (terra b) (terra r) (terra g) (terra nil) (aigua) (terra b) (terra nil) (terra r) (terra b) (aigua) (terra g) (terra r) (terra r) (terra nil) (terra g) (terra g) (terra g) (terra r) (terra g) (terra b) (terra g) (terra nil) (terra b) (terra g) (terra nil) (terra nil) (terra r) (terra r) (terra nil) (terra g) (aigua) (terra r) (terra g) (aigua) (terra b) (terra b) (aigua) (terra g) (terra r) (terra r) (aigua) (terra r) (terra b) (terra nil) (terra nil) (terra r) (terra g))
 ((terra nil) (terra g) (terra nil lab) (terra b) (aigua) (terra b) (terra g) (terra nil) (terra g) (terra r) (terra nil lab) (aigua) (terra g) (terra r) (terra g) (terra r) (terra r) (terra r) (terra nil) (terra g) (terra b) (terra b) (terra g) (terra nil) (terra r) (terra b) (terra r) (terra g) (terra g) (terra nil) (terra r) (terra nil) (terra g) (aigua) (terra b) (terra r) (terra b) (terra r) (terra b) (terra b) (terra r) (terra r) (terra nil) (terra g) (terra nil) (aigua) (terra r) (terra nil) (terra g) (aigua) (terra b) (terra b) (aigua) (terra r) (terra r) (terra b) (terra r) (terra g) (terra b) (terra b))
 ((terra nil) (terra nil) (terra g) (terra g) (terra b) (aigua) (terra nil) (terra nil) (terra nil) (terra b) (aigua) (aigua) (terra b) (terra b) (terra b) (aigua) (terra nil) (terra b) (terra b) (terra b) (terra r) (terra r) (terra r) (terra nil) (terra nil) (terra r) (terra r) (terra nil) (terra b) (terra g) (aigua) (terra nil) (terra nil) (terra g) (terra nil) (terra r) (terra r) (terra g) (terra b) (terra r) (aigua) (terra nil) (terra nil) (aigua) (terra b) (terra g) (aigua) (terra b) (terra r) (terra nil lab) (terra nil) (terra g) (terra nil) (terra nil) (terra r) (terra b) (terra r) (aigua) (terra nil) (terra g))
 ((terra b) (terra nil) (terra b) (aigua) (aigua) (terra r) (terra g) (terra nil) (terra r) (aigua) (terra nil) (terra g) (terra nil) (terra r) (terra b) (terra g) (terra b) (terra b) (terra nil) (aigua) (terra r) (aigua) (terra b) (aigua) (terra r) (terra b) (terra nil) (terra b) (aigua) (aigua) (terra r) (terra g) (terra g) (terra b) (terra r) (terra nil) (terra nil) (terra g) (terra g) (terra nil) (terra r) (terra r) (terra b) (terra g) (terra b) (terra b) (terra g) (aigua) (terra b) (terra nil) (aigua) (terra b) (terra g) (terra nil lab) (terra nil lab) (terra r) (terra nil lab) (terra g) (terra r) (terra g))
 ((aigua) (terra b) (terra g) (aigua) (aigua) (terra r) (terra r) (terra g) (terra g) (terra g) (terra nil) (terra b) (terra g) (terra g) (terra b) (terra g) (aigua) (terra nil) (terra g) (terra b) (terra b) (terra b) (terra r) (terra r) (terra nil) (terra b) (terra r) (terra r) (terra g) (terra b) (terra b) (aigua) (terra r) (terra b) (aigua) (terra r) (aigua) (terra g) (terra r) (terra nil) (terra g) (terra r) (terra b) (terra b) (terra r) (terra nil) (terra nil) (terra nil) (terra r) (terra b) (terra nil lab) (aigua) (terra nil) (terra r) (terra nil) (terra b) (terra nil lab) (terra g) (aigua) (terra b))
 ((terra g) (terra b) (terra r) (terra g) (terra nil) (terra b) (terra r) (terra r) (terra nil) (terra r) (terra g) (terra r) (aigua) (terra b) (terra b) (terra r) (terra b) (terra nil) (terra nil) (aigua) (terra nil) (terra g) (terra g) (terra nil) (terra b) (terra g) (aigua) (terra b) (terra g) (aigua) (terra nil lab) (terra b) (terra nil) (terra b) (terra nil) (terra b) (terra g) (terra nil) (terra g) (terra g) (terra r) (terra r) (aigua) (terra b) (terra b) (terra b) (terra g) (terra b) (terra g) (terra g) (terra nil) (aigua) (terra b) (terra b) (terra nil) (terra nil) (terra nil) (terra b) (aigua) (terra r))
 ((terra g) (terra b) (terra r) (terra nil) (terra nil) (terra r) (terra nil) (terra g) (terra g) (terra b) (aigua) (terra r) (terra b) (terra nil) (aigua) (aigua) (terra g) (terra nil) (terra nil) (terra nil) (terra nil) (terra r) (terra nil) (terra b) (terra b) (terra r) (terra b) (terra nil) (terra g) (terra nil) (terra g) (terra r) (terra g) (terra r) (terra b) (terra g) (aigua) (terra r) (terra b) (terra b) (terra g) (terra g) (terra nil) (terra nil) (terra r) (terra g) (terra nil) (terra nil) (terra nil) (terra b) (terra g) (aigua) (terra nil lab) (aigua) (terra nil) (terra b) (terra nil) (terra nil) (aigua) (terra r))
 ((terra r) (terra b) (terra nil) (terra g) (terra b) (terra b) (terra b) (terra g) (terra nil) (terra b) (terra g) (terra nil) (terra b) (aigua) (terra r) (terra nil) (aigua) (terra r) (terra nil) (terra g) (terra r) (terra r) (terra b) (terra b) (terra r) (terra nil) (terra b) (terra g) (terra nil) (terra nil) (terra g) (terra nil lab) (terra r) (terra g) (terra nil) (terra nil) (terra b) (terra g) (terra r) (terra g) (terra nil) (terra g) (terra g) (terra b) (terra r) (terra b) (terra b) (terra b) (terra r) (aigua) (terra g) (terra b) (terra b) (terra r) (terra g) (terra b) (terra g) (terra b) (aigua) (terra b))
 ((terra nil) (terra r) (terra g) (terra r) (terra r) (terra r) (terra b) (terra r) (terra r) (aigua) (terra r) (terra b) (terra b) (terra r) (terra b) (terra r) (aigua) (aigua) (aigua) (terra nil) (terra nil) (terra b) (aigua) (terra b) (aigua) (terra g) (terra nil) (terra nil) (terra g) (terra g) (terra r) (aigua) (terra nil) (terra g) (terra r) (terra nil) (terra g) (aigua) (terra r) (terra nil) (terra g) (terra nil lab) (terra r) (aigua) (terra r) (terra r) (terra b) (aigua) (aigua) (aigua) (aigua) (terra b) (aigua) (terra g) (aigua) (terra b) (terra g) (terra nil) (aigua) (terra r))
 ((terra b) (terra r) (terra r) (terra nil) (terra nil) (terra b) (aigua) (terra nil) (terra g) (terra b) (terra nil) (terra b) (aigua) (terra nil) (terra g) (terra r) (terra b) (terra nil) (terra nil) (terra b) (terra r) (terra r) (terra b) (aigua) (terra nil) (terra r) (terra r) (terra b) (terra g) (terra nil) (terra g) (terra r) (aigua) (terra nil) (terra g) (terra nil) (terra b) (terra r) (terra g) (terra nil) (terra r) (terra r) (terra g) (terra nil) (terra g) (terra r) (terra g) (terra g) (terra nil) (aigua) (terra nil) (terra nil) (terra g) (terra r) (terra b) (terra r) (terra nil) (terra r) (terra r) (terra nil))
 ((aigua) (terra g) (terra g) (terra g) (terra nil) (terra b) (terra b) (terra r) (terra nil) (terra nil) (terra r) (terra g) (aigua) (terra r) (terra g) (aigua) (terra g) (terra r) (terra b) (aigua) (terra nil) (terra b) (terra nil lab) (terra nil lab) (aigua) (terra r) (terra r) (terra g) (terra r) (terra b) (aigua) (aigua) (terra g) (terra b) (terra r) (terra r) (terra r) (terra g) (terra g) (terra r) (terra b) (aigua) (terra r) (terra g) (aigua) (terra r) (aigua) (terra b) (terra b) (aigua) (terra b) (terra r) (terra nil) (terra b) (terra nil) (aigua) (terra nil) (terra b) (terra nil) (terra g))
 ((terra r) (terra nil) (terra g) (terra r) (terra nil) (aigua) (terra r) (terra nil) (aigua) (terra r) (aigua) (terra r) (terra nil) (terra nil) (terra b) (aigua) (terra r) (terra r) (terra g) (terra nil) (terra nil) (terra nil) (terra r) (terra r) (terra nil) (aigua) (terra nil) (aigua) (terra b) (terra nil) (terra g) (aigua) (terra r) (aigua) (terra nil) (terra g) (terra g) (terra b) (terra g) (terra r) (terra nil) (terra b) (terra g) (terra g) (terra b) (terra nil lab) (terra b) (terra b) (terra g) (terra g) (terra b) (terra b) (terra b) (terra nil) (terra b) (terra b) (aigua) (terra r) (terra nil) (terra b))
 ((terra b) (terra g) (terra g) (terra r) (aigua) (aigua) (terra r) (terra g) (aigua) (terra r) (aigua) (terra nil) (terra g) (aigua) (aigua) (aigua) (terra nil) (terra r) (terra b) (terra nil) (terra nil) (terra g) (terra nil) (terra nil) (terra g) (terra g) (aigua) (terra b) (aigua) (terra b) (terra g) (terra g) (aigua) (terra nil) (terra nil) (terra g) (terra nil) (terra b) (aigua) (terra r) (aigua) (aigua) (terra g) (terra b) (terra nil) (terra g) (terra b) (terra g) (terra r) (terra nil) (terra r) (aigua) (terra nil) (aigua) (terra b) (terra b) (terra r) (terra nil) (aigua) (terra b))
 ((aigua) (aigua) (terra b) (terra nil) (aigua) (aigua) (terra b) (aigua) (aigua) (terra g) (terra nil) (terra r) (terra b) (aigua) (terra r) (terra nil) (terra nil) (terra r) (terra r) (terra g) (terra r) (terra r) (aigua) (terra g) (aigua) (terra b) (aigua) (terra g) (terra r) (terra r) (terra nil) (terra r) (terra b) (terra b) (aigua) (terra g) (terra nil) (aigua) (terra r) (terra nil) (terra g) (terra r) (terra r) (terra b) (terra b) (terra b) (terra r) (terra g) (terra nil) (terra nil) (terra g) (terra g) (terra r) (terra g) (terra nil lab) (terra r) (aigua) (terra nil) (aigua) (terra nil))
 ((aigua) (terra b) (terra g) (terra b) (aigua) (terra r) (terra nil) (terra b) (terra r) (terra r) (terra b) (aigua) (terra nil) (terra g) (aigua) (terra g) (aigua) (terra nil) (terra g) (terra r) (terra r) (terra g) (terra b) (terra b) (terra g) (terra r) (terra b) (terra b) (terra nil) (terra b) (aigua) (terra g) (terra g) (terra g) (terra nil lab) (terra r) (terra b) (terra b) (terra g) (terra g) (terra b) (terra nil) (aigua) (terra nil) (terra r) (terra b) (terra r) (terra nil) (terra nil) (terra g) (terra nil lab) (terra nil) (terra g) (aigua) (terra g) (terra b) (aigua) (terra r) (aigua) (terra nil))
 ((terra nil) (terra b) (terra r) (aigua) (terra nil) (terra g) (aigua) (terra g) (terra g) (terra nil) (terra b) (aigua) (terra nil) (terra r) (terra nil) (terra r) (terra g) (aigua) (terra g) (terra r) (aigua) (terra r) (terra r) (terra nil) (aigua) (terra b) (terra nil) (aigua) (terra nil) (terra b) (terra b) (terra nil lab) (terra r) (terra nil) (terra r) (terra r) (terra b) (terra nil) (terra nil) (terra nil) (terra b) (terra b) (aigua) (terra nil) (terra nil) (terra b) (terra b) (terra nil) (terra b) (terra b) (terra r) (terra nil) (terra r) (terra g) (terra b) (aigua) (terra b) (terra r) (terra b) (terra g))
 ((terra r) (terra b) (terra g) (terra g) (terra nil) (terra b) (terra g) (terra nil) (terra g) (terra b) (terra b) (terra nil) (aigua) (aigua) (terra b) (terra g) (terra nil) (terra r) (terra g) (aigua) (terra g) (terra nil) (terra b) (terra r) (terra nil) (terra g) (terra nil) (terra r) (terra r) (terra g) (terra g) (terra b) (terra nil lab) (terra r) (terra g) (terra b) (terra nil) (terra b) (terra b) (terra b) (terra b) (terra b) (terra b) (terra b) (terra g) (terra b) (terra b) (terra r) (terra nil lab) (terra r) (terra b) (terra nil) (terra r) (terra nil) (terra g) (aigua) (terra nil) (terra nil) (terra nil) (terra g))
 ((terra r) (terra b) (terra nil) (terra r) (terra b) (terra nil) (terra nil lab) (terra b) (terra b) (terra b) (terra nil) (terra g) (terra nil lab) (terra b) (terra nil) (terra g) (terra nil) (terra g) (terra r) (terra nil) (terra g) (terra nil) (terra r) (terra nil) (aigua) (terra b) (terra b) (aigua) (terra r) (terra r) (terra g) (aigua) (aigua) (terra nil) (terra nil) (terra b) (terra g) (terra g) (terra b) (aigua) (aigua) (terra g) (terra g) (terra r) (terra nil) (terra r) (aigua) (terra nil lab) (terra g) (terra g) (terra g) (aigua) (terra b) (aigua) (terra nil lab) (terra g) (terra nil) (terra g) (terra b) (terra nil))
 ((aigua) (terra b) (terra nil) (terra r) (aigua) (terra r) (aigua) (terra nil) (terra b) (terra nil) (aigua) (terra g) (terra b) (aigua) (terra r) (terra nil) (terra r) (terra g) (terra b) (terra r) (terra r) (terra nil) (terra b) (terra nil lab) (terra g) (terra b) (terra nil) (terra r) (terra b) (terra nil) (terra nil) (terra nil) (terra g) (terra b) (terra nil) (terra r) (terra b) (terra r) (terra g) (terra nil) (terra b) (terra nil) (terra b) (terra r) (aigua) (terra r) (terra nil) (terra nil) (aigua) (terra nil) (terra g) (terra b) (terra g) (aigua) (terra g) (aigua) (terra b) (terra r) (terra g) (terra g))
 ((terra nil) (terra g) (terra nil) (terra g) (aigua) (terra g) (terra g) (terra g) (terra nil) (terra b) (terra r) (terra b) (terra b) (terra nil) (terra r) (aigua) (terra nil) (terra nil) (terra nil) (aigua) (terra g) (aigua) (terra nil) (terra g) (terra g) (terra r) (terra nil) (aigua) (terra nil) (terra r) (terra b) (terra g) (terra b) (aigua) (aigua) (terra g) (terra b) (terra g) (terra r) (terra r) (terra nil) (terra g) (terra g) (terra r) (terra g) (terra nil) (terra b) (aigua) (terra r) (terra r) (terra b) (aigua) (aigua) (aigua) (terra b) (terra g) (terra g) (terra r) (terra nil) (terra r))
 ((terra b) (terra b) (terra r) (terra r) (terra nil) (aigua) (terra g) (terra b) (terra nil) (terra r) (aigua) (terra b) (terra r) (terra g) (terra nil) (aigua) (terra b) (aigua) (terra g) (terra b) (terra g) (terra g) (terra b) (aigua) (terra g) (terra r) (terra b) (terra nil) (aigua) (terra g) (terra nil) (terra nil) (terra g) (terra r) (terra nil) (terra b) (terra b) (terra g) (terra g) (aigua) (terra r) (terra nil) (terra r) (terra nil) (terra b) (terra r) (terra r) (terra r) (terra r) (terra r) (terra r) (terra b) (terra g) (terra b) (terra b) (terra r) (terra nil lab) (terra r) (terra g) (terra b))
 ((aigua) (terra r) (aigua) (terra g) (terra g) (terra r) (terra r) (terra r) (terra r) (terra b) (terra r) (terra b) (terra r) (aigua) (terra nil) (terra b) (terra b) (terra g) (terra g) (terra g) (terra g) (terra g) (terra b) (terra g) (terra r) (terra g) (terra b) (aigua) (terra b) (terra b) (terra b) (terra b) (terra g) (terra g) (terra b) (terra b) (terra g) (terra nil lab) (aigua) (aigua) (terra r) (terra r) (terra r) (terra nil) (terra g) (terra r) (terra b) (terra nil) (terra g) (terra r) (aigua) (terra r) (terra b) (aigua) (aigua) (terra r) (terra b) (terra g) (terra nil) (terra g))
 ((terra g) (terra g) (terra r) (terra b) (terra g) (aigua) (terra nil) (terra r) (terra g) (terra g) (terra nil) (terra b) (terra r) (terra r) (terra r) (terra r) (terra nil) (terra r) (terra nil lab) (aigua) (terra b) (terra b) (terra r) (terra nil) (aigua) (terra nil) (terra nil) (terra g) (aigua) (terra r) (terra r) (terra nil lab) (terra nil) (terra b) (terra b) (terra b) (terra b) (terra g) (aigua) (aigua) (terra b) (terra g) (terra nil) (aigua) (terra nil) (terra r) (terra g) (terra g) (aigua) (terra nil) (terra g) (terra r) (aigua) (terra b) (terra g) (terra nil) (aigua) (terra r) (terra r) (aigua))
 ((terra b) (terra nil) (terra g) (terra nil) (terra nil) (terra r) (aigua) (terra g) (terra r) (terra g) (terra nil lab) (terra g) (terra b) (terra g) (terra r) (terra b) (terra r) (terra r) (terra nil lab) (terra r) (terra r) (terra r) (terra nil) (aigua) (terra b) (terra b) (terra g) (terra b) (aigua) (aigua) (aigua) (aigua) (terra nil) (aigua) (terra r) (terra r) (terra b) (terra r) (aigua) (terra g) (terra nil) (terra r) (terra g) (terra nil) (terra nil) (terra nil) (aigua) (terra g) (terra nil) (aigua) (terra r) (terra g) (terra r) (terra r) (aigua) (terra nil) (terra r) (aigua) (aigua) (terra nil))
 ((terra r) (terra nil) (terra r) (terra b) (terra nil lab) (aigua) (terra b) (terra b) (terra b) (aigua) (aigua) (aigua) (aigua) (terra g) (terra g) (terra nil) (terra g) (terra g) (terra r) (terra b) (terra g) (terra r) (terra g) (terra g) (terra r) (terra nil) (terra nil) (terra g) (terra b) (terra r) (terra g) (terra r) (terra nil) (terra r) (terra b) (aigua) (terra g) (terra b) (aigua) (terra b) (terra nil) (terra nil) (terra b) (terra r) (terra nil) (aigua) (terra r) (aigua) (terra g) (terra b) (aigua) (terra g) (terra nil) (terra r) (terra r) (terra b) (terra r) (aigua) (terra r) (terra b))
 ((terra r) (terra nil) (terra r) (terra b) (aigua) (terra g) (terra r) (terra g) (terra r) (terra nil) (aigua) (terra g) (terra nil) (terra r) (terra b) (terra b) (terra g) (terra r) (terra r) (terra g) (terra r) (terra b) (aigua) (terra g) (aigua) (terra r) (terra g) (terra r) (terra r) (terra b) (aigua) (terra r) (terra nil) (terra g) (terra g) (terra nil) (terra nil) (terra r) (terra b) (terra nil) (terra b) (terra r) (terra r) (terra nil) (terra nil) (terra g) (terra g) (terra b) (terra g) (terra b) (terra g) (aigua) (terra nil) (aigua) (terra nil) (aigua) (aigua) (terra nil) (terra g) (terra nil))
 ((terra nil) (terra r) (terra r) (aigua) (terra r) (terra b) (terra g) (terra g) (terra nil) (terra nil) (terra nil lab) (terra nil) (terra b) (terra g) (terra nil) (terra r) (terra nil) (terra g) (terra nil) (terra nil) (terra b) (terra g) (terra b) (terra nil) (terra g) (aigua) (terra b) (terra b) (terra g) (terra g) (terra b) (terra b) (terra nil) (terra b) (terra r) (terra b) (terra g) (terra b) (terra b) (terra r) (terra g) (terra g) (terra r) (terra b) (terra b) (terra g) (terra b) (terra g) (terra nil lab) (aigua) (terra r) (terra nil) (aigua) (terra g) (aigua) (terra nil) (terra b) (terra r) (terra nil) (terra b))
 ((terra g) (terra r) (terra r) (aigua) (terra b) (terra g) (terra nil) (terra nil) (terra b) (aigua) (terra g) (terra r) (terra b) (terra r) (terra nil) (terra nil) (terra r) (terra nil) (terra g) (terra nil) (terra b) (terra nil) (terra r) (terra r) (terra nil) (terra g) (terra b) (terra b) (terra g) (terra g) (terra nil) (terra g) (terra g) (terra b) (terra r) (terra nil) (aigua) (terra r) (terra g) (aigua) (aigua) (terra b) (terra g) (aigua) (terra b) (terra g) (terra b) (terra b) (aigua) (terra r) (terra b) (terra b) (aigua) (terra g) (terra b) (terra b) (terra g) (terra nil) (terra r) (terra b))
 ((terra b) (terra r) (aigua) (aigua) (terra nil) (terra r) (terra b) (terra g) (terra g) (terra r) (terra b) (terra b) (terra r) (terra nil lab) (terra b) (aigua) (terra nil) (terra r) (terra nil) (terra r) (aigua) (terra nil) (terra r) (terra nil) (terra g) (terra g) (terra nil) (terra b) (terra r) (terra g) (terra nil) (aigua) (terra b) (terra b) (terra nil lab) (terra g) (aigua) (terra nil) (terra r) (terra r) (aigua) (terra r) (terra b) (aigua) (terra g) (terra nil lab) (terra r) (terra b) (terra g) (terra g) (terra nil) (terra r) (terra b) (terra g) (terra b) (terra b) (terra nil) (terra g) (terra b) (terra g))
 ((terra g) (terra nil) (terra g) (terra g) (terra nil lab) (terra g) (terra r) (terra g) (terra nil) (terra nil) (terra b) (terra b) (terra b) (aigua) (terra nil) (terra g) (terra r) (terra nil) (terra nil) (terra b) (terra nil) (aigua) (terra g) (terra nil) (terra b) (terra g) (terra r) (aigua) (terra nil) (terra r) (terra b) (terra g) (terra r) (terra g) (terra r) (terra b) (aigua) (terra b) (terra nil) (terra nil) (terra nil) (aigua) (terra r) (terra g) (terra g) (terra nil) (terra g) (terra b) (terra r) (terra r) (terra g) (terra g) (terra r) (terra g) (terra nil) (terra g) (terra nil) (terra g) (terra g) (terra b))
 ((aigua) (terra b) (terra nil) (terra nil) (terra b) (aigua) (terra g) (aigua) (terra r) (terra nil) (terra nil) (terra g) (terra r) (aigua) (terra b) (terra nil) (terra g) (terra g) (terra g) (terra nil) (terra nil) (terra nil) (terra r) (terra r) (terra nil) (terra r) (terra b) (aigua) (terra g) (terra r) (terra nil) (terra g) (aigua) (terra g) (terra r) (terra r) (terra b) (terra nil) (terra nil lab) (terra nil) (terra nil) (terra r) (terra b) (aigua) (terra r) (terra g) (aigua) (terra b) (terra b) (terra nil) (aigua) (terra nil) (terra b) (terra b) (aigua) (terra b) (terra b) (terra g) (terra b) (terra b))
 ((terra b) (terra g) (aigua) (aigua) (terra r) (aigua) (aigua) (terra r) (terra r) (terra r) (terra g) (aigua) (terra g) (terra b) (terra g) (terra nil) (terra g) (aigua) (terra r) (terra g) (terra r) (terra nil) (terra b) (terra nil) (terra r) (terra r) (terra g) (terra r) (aigua) (terra nil) (terra r) (terra b) (terra g) (terra g) (terra b) (aigua) (terra r) (terra g) (terra g) (terra r) (aigua) (terra nil lab) (terra b) (terra g) (terra g) (terra g) (terra g) (terra nil) (terra b) (terra b) (terra nil) (terra nil) (terra nil) (aigua) (terra nil) (terra r) (terra b) (terra r) (terra nil) (terra nil))
 ((terra r) (terra g) (terra nil) (terra b) (aigua) (terra b) (terra b) (terra nil) (terra nil) (terra nil) (terra r) (terra nil) (terra nil) (terra nil) (terra g) (terra nil) (aigua) (aigua) (terra b) (terra b) (terra b) (aigua) (terra b) (terra nil) (terra nil) (terra g) (terra g) (terra r) (terra g) (terra r) (terra r) (terra b) (terra r) (terra nil) (terra r) (terra g) (terra g) (terra g) (aigua) (aigua) (terra r) (aigua) (terra r) (terra r) (terra b) (aigua) (terra r) (terra r) (terra r) (terra b) (terra b) (terra r) (aigua) (terra r) (terra g) (aigua) (terra g) (aigua) (terra nil) (terra b))
 ((terra g) (aigua) (terra g) (terra b) (terra b) (terra r) (terra b) (terra nil) (terra b) (aigua) (terra r) (terra r) (terra b) (terra nil) (terra nil) (terra b) (terra b) (aigua) (terra r) (terra nil) (terra g) (terra r) (terra g) (terra nil) (terra b) (terra r) (aigua) (aigua) (terra nil lab) (terra b) (terra g) (aigua) (terra nil) (aigua) (terra nil) (terra nil) (terra b) (terra g) (terra nil) (terra g) (aigua) (terra b) (terra nil) (aigua) (terra b) (aigua) (terra b) (terra g) (terra r) (terra b) (aigua) (terra g) (aigua) (terra g) (terra g) (terra nil) (terra r) (terra b) (terra nil) (terra nil))
 ((terra r) (aigua) (terra g) (aigua) (terra nil) (terra nil) (terra nil) (aigua) (terra b) (terra g) (aigua) (terra nil) (terra b) (terra nil) (terra r) (terra r) (terra g) (terra r) (aigua) (aigua) (terra b) (terra g) (terra r) (terra nil) (terra nil) (terra nil) (terra nil lab) (aigua) (terra nil) (terra b) (terra nil) (aigua) (terra b) (aigua) (terra g) (terra g) (terra nil) (terra nil) (terra b) (terra g) (terra nil lab) (terra r) (terra b) (terra nil) (terra g) (aigua) (terra g) (terra r) (terra g) (terra nil) (terra nil) (terra r) (terra b) (terra r) (terra b) (terra r) (terra nil) (terra g) (aigua) (terra nil))
 ((terra r) (terra r) (terra nil) (terra nil) (terra nil) (terra nil) (terra b) (terra b) (terra nil) (terra r) (terra r) (terra g) (terra nil) (terra g) (terra r) (terra nil) (terra r) (terra b) (aigua) (terra r) (terra r) (terra b) (aigua) (terra g) (aigua) (terra nil) (terra nil) (terra r) (terra g) (terra b) (terra g) (terra g) (terra r) (terra r) (terra nil) (terra g) (aigua) (terra r) (terra g) (terra g) (terra b) (terra b) (terra g) (aigua) (terra r) (terra b) (terra r) (terra b) (terra b) (terra nil) (terra g) (terra b) (terra g) (terra g) (aigua) (terra g) (terra g) (terra g) (terra g) (aigua))
 ((terra b) (terra b) (aigua) (terra nil) (terra nil) (terra r) (terra g) (aigua) (terra nil) (terra nil lab) (terra b) (terra nil) (terra r) (terra b) (terra r) (terra nil lab) (terra b) (terra nil) (terra g) (terra nil) (terra b) (terra r) (terra r) (terra nil) (terra g) (aigua) (terra nil) (terra g) (terra b) (terra r) (terra g) (terra r) (terra nil) (terra nil) (terra r) (terra b) (terra b) (terra nil) (terra r) (terra nil) (aigua) (terra r) (terra b) (terra r) (terra b) (terra r) (terra b) (terra nil lab) (terra b) (terra r) (terra r) (terra r) (terra r) (terra g) (terra g) (terra nil) (terra r) (terra g) (terra r) (terra g))
 ((terra r) (terra g) (terra r) (terra nil) (terra r) (terra r) (aigua) (terra nil) (terra nil) (terra b) (terra nil) (terra r) (terra r) (terra nil) (terra g) (aigua) (terra nil) (terra r) (terra nil) (terra b) (terra b) (aigua) (terra b) (aigua) (terra g) (terra b) (aigua) (terra r) (terra g) (terra g) (terra g) (terra nil) (aigua) (aigua) (terra g) (terra nil) (terra r) (terra b) (terra g) (aigua) (terra nil) (terra g) (terra r) (terra b) (terra g) (terra nil) (terra r) (aigua) (terra nil) (terra r) (terra r) (terra nil) (terra b) (terra b) (aigua) (terra g) (terra nil) (terra b) (terra nil) (terra g))
 ((terra g) (aigua) (terra r) (terra g) (aigua) (terra r) (terra b) (terra b) (terra nil) (aigua) (terra b) (aigua) (terra g) (aigua) (terra b) (terra g) (terra g) (terra g) (terra r) (terra b) (terra r) (aigua) (terra g) (terra nil) (terra nil) (terra nil) (terra b) (terra r) (terra r) (terra r) (terra r) (terra r) (terra b) (terra b) (aigua) (terra b) (terra nil) (terra nil lab) (terra g) (terra nil) (terra nil) (aigua) (terra nil) (terra nil) (terra r) (terra b) (aigua) (terra b) (terra b) (aigua) (terra g) (terra nil) (terra nil) (terra b) (terra nil) (terra g) (aigua) (terra nil) (terra r) (terra b))
 ((terra nil) (terra b) (terra r) (aigua) (terra b) (terra b) (terra g) (terra nil) (terra nil) (aigua) (aigua) (aigua) (terra g) (terra g) (aigua) (terra r) (terra nil) (terra b) (terra r) (terra nil) (terra nil) (aigua) (terra r) (terra r) (terra nil) (terra b) (terra nil) (terra nil) (terra nil lab) (terra nil) (terra nil) (aigua) (terra nil) (aigua) (terra nil) (terra g) (terra nil) (terra g) (aigua) (terra g) (terra g) (terra r) (terra g) (aigua) (terra nil lab) (terra b) (aigua) (aigua) (terra nil) (terra nil) (terra nil lab) (aigua) (terra g) (terra b) (aigua) (terra nil) (terra nil) (aigua) (terra g) (terra nil))
 ((terra r) (terra b) (terra r) (terra nil) (aigua) (terra b) (terra b) (aigua) (terra g) (aigua) (terra b) (aigua) (terra b) (terra nil) (terra nil) (terra g) (terra r) (terra g) (terra g) (terra b) (terra r) (terra b) (terra r) (terra b) (terra nil) (terra g) (terra b) (aigua) (terra g) (aigua) (terra b) (terra g) (terra b) (terra b) (aigua) (terra b) (terra g) (terra b) (terra b) (terra b) (terra nil) (terra b) (terra g) (terra b) (terra g) (terra nil) (terra b) (terra g) (aigua) (terra b) (terra g) (aigua) (terra nil) (terra r) (terra g) (terra g) (terra g) (terra b) (aigua) (terra b))
 ((terra b) (terra nil) (terra b) (terra nil) (terra nil lab) (terra nil) (terra r) (terra b) (terra nil) (terra g) (aigua) (terra nil) (terra nil) (terra g) (aigua) (terra b) (terra nil) (terra b) (terra b) (terra g) (terra g) (terra nil) (terra r) (terra r) (terra nil) (terra nil) (terra b) (terra r) (terra b) (terra r) (terra nil) (terra g) (terra b) (terra nil) (terra r) (terra r) (terra r) (terra b) (terra nil) (terra nil) (terra nil) (terra g) (terra nil) (terra b) (terra nil) (terra g) (terra r) (terra b) (terra b) (terra b) (terra b) (aigua) (terra r) (terra g) (terra b) (terra nil) (terra b) (terra r) (terra b) (terra nil))
 ((terra b) (terra b) (terra g) (terra g) (terra nil) (terra nil) (terra g) (terra g) (terra b) (terra g) (terra nil) (terra nil) (terra nil lab) (aigua) (terra b) (terra r) (terra nil) (terra nil) (aigua) (aigua) (terra nil) (terra r) (terra r) (terra g) (terra r) (terra b) (terra nil) (terra r) (terra g) (terra b) (aigua) (terra g) (terra r) (terra r) (terra b) (terra g) (terra g) (terra b) (terra g) (aigua) (terra b) (terra g) (terra nil) (terra r) (aigua) (aigua) (aigua) (aigua) (terra nil) (terra g) (terra b) (terra g) (terra r) (terra r) (terra g) (terra b) (terra g) (terra g) (terra b) (terra g))
 ((terra b) (terra nil) (terra g) (terra r) (terra nil lab) (terra nil) (aigua) (aigua) (terra b) (terra g) (terra b) (terra r) (terra g) (terra b) (terra g) (terra g) (terra g) (terra b) (terra nil) (terra r) (terra r) (terra r) (terra r) (terra b) (terra nil) (terra g) (terra g) (terra nil) (terra g) (terra nil) (terra nil) (terra nil) (terra nil) (terra nil) (terra r) (terra nil) (terra g) (terra b) (terra nil) (terra r) (terra r) (aigua) (terra r) (terra g) (terra r) (terra g) (terra r) (aigua) (terra r) (aigua) (terra nil) (terra nil) (terra g) (terra b) (terra g) (aigua) (terra g) (terra nil) (terra b) (terra g))
 ((terra g) (terra r) (terra r) (terra b) (terra g) (terra nil) (terra nil) (terra b) (terra g) (terra g) (terra b) (aigua) (terra r) (aigua) (terra b) (aigua) (terra b) (aigua) (terra nil) (terra nil) (terra nil) (aigua) (terra g) (terra b) (terra nil) (terra b) (terra b) (terra b) (terra nil) (terra nil lab) (terra b) (terra b) (terra nil) (terra b) (aigua) (terra b) (terra r) (aigua) (terra b) (aigua) (terra nil) (aigua) (terra b) (aigua) (terra r) (terra nil) (aigua) (terra g) (terra nil) (aigua) (terra nil) (aigua) (terra nil) (terra r) (terra nil) (terra g) (terra r) (aigua) (terra b) (terra nil lab))
 ((terra nil) (terra r) (aigua) (terra b) (terra nil) (terra b) (terra r) (terra b) (terra r) (terra g) (terra r) (terra nil) (terra b) (terra nil) (terra g) (terra r) (terra g) (terra r) (aigua) (terra g) (aigua) (terra r) (terra nil) (terra nil) (terra b) (terra g) (terra r) (terra r) (terra nil) (aigua) (terra r) (aigua) (terra g) (terra r) (terra g) (terra r) (terra g) (terra b) (terra b) (terra nil) (terra nil) (terra g) (terra r) (terra r) (terra r) (terra nil) (terra g) (terra r) (terra r) (terra nil) (terra nil) (terra nil) (aigua) (terra nil) (terra r) (terra r) (terra b) (terra b) (terra g) (terra nil))
 ((terra b) (aigua) (terra g) (terra nil) (terra g) (terra g) (terra b) (terra nil) (terra g) (terra g) (terra b) (terra r) (terra g) (terra nil) (aigua) (terra g) (terra b) (terra nil) (terra b) (terra nil lab) (terra r) (terra g) (terra r) (terra r) (terra nil) (terra b) (terra nil) (terra r) (terra r) (terra r) (terra r) (terra b) (terra r) (terra g) (aigua) (terra r) (terra nil) (aigua) (terra nil lab) (terra b) (terra r) (aigua) (terra g) (terra r) (terra nil) (terra g) (terra b) (terra nil) (terra b) (terra r) (terra g) (aigua) (terra nil) (terra nil) (terra nil) (terra b) (terra b) (terra g) (terra g) (terra g))
 ((terra nil) (terra g) (terra b) (terra nil lab) (terra g) (terra g) (terra nil) (aigua) (terra r) (terra g) (aigua) (terra g) (terra nil) (aigua) (terra b) (terra r) (aigua) (terra g) (aigua) (terra b) (terra g) (aigua) (aigua) (aigua) (terra nil) (terra g) (terra nil) (aigua) (terra g) (terra b) (terra g) (terra g) (terra nil) (terra g) (terra b) (terra r) (terra r) (terra r) (terra r) (terra r) (terra r) (terra r) (aigua) (terra nil) (terra b) (aigua) (terra b) (terra nil) (aigua) (terra nil) (terra r) (terra r) (terra nil) (terra b) (terra g) (aigua) (terra g) (terra g) (terra g) (terra b))
 ((aigua) (terra g) (terra b) (terra r) (aigua) (terra b) (terra g) (terra b) (terra g) (terra nil) (aigua) (aigua) (terra nil) (terra b) (terra b) (terra b) (terra r) (terra g) (terra nil) (terra nil) (terra g) (terra g) (aigua) (terra nil) (terra nil lab) (terra r) (terra g) (terra nil) (terra nil) (terra g) (terra nil) (terra r) (terra nil) (terra r) (terra nil) (terra nil) (terra g) (terra b) (terra b) (terra r) (aigua) (terra nil lab) (terra nil) (terra nil lab) (terra g) (terra nil) (terra b) (terra r) (terra b) (terra g) (terra nil) (aigua) (aigua) (terra b) (aigua) (aigua) (terra nil) (aigua) (terra g) (terra g))
 ((terra r) (terra g) (aigua) (aigua) (terra nil) (aigua) (terra b) (terra nil) (terra g) (terra r) (terra b) (terra b) (terra nil) (terra nil) (terra g) (terra nil) (terra g) (terra g) (terra g) (terra b) (terra g) (terra nil) (terra r) (terra g) (terra g) (terra r) (terra b) (terra b) (terra nil) (terra r) (terra g) (terra r) (terra b) (terra nil) (terra nil lab) (terra b) (terra g) (terra r) (terra r) (terra g) (aigua) (terra b) (aigua) (terra nil) (terra nil) (terra b) (terra b) (terra b) (terra r) (terra r) (aigua) (terra r) (terra g) (terra g) (terra nil) (terra b) (terra b) (terra b) (aigua) (terra nil base e2)))