(((terra nil base e1) (terra nil) (terra nil) (terra nil) (terra nil) (terra nil) (terra nil) (terra nil) (terra nil) (terra nil) (terra nil) (terra nil) (terra nil) (terra nil) (terra nil))
 ((terra nil) (terra nil) (terra nil) (terra nil) (terra nil) (terra nil) (terra nil) (terra nil) (terra nil) (terra nil) (terra nil) (terra nil) (terra nil) (terra nil) (terra nil))
 ((terra nil) (terra nil) (terra nil) (terra nil) (terra nil) (terra nil) (terra nil) (terra nil) (terra nil) (terra nil) (terra nil) (terra nil) (terra nil) (terra nil) (terra nil))
 ((terra nil) (terra nil) (terra nil) (terra nil) (terra nil) (terra nil) (terra nil) (terra nil) (terra nil) (terra nil) (terra nil) (terra nil) (terra nil) (terra nil) (terra nil))
 ((terra nil) (terra nil) (terra nil) (terra nil) (terra nil) (terra nil) (terra nil) (terra nil) (terra nil) (terra nil) (terra nil) (terra nil) (terra nil) (terra nil) (terra nil))
 ((terra nil) (terra nil) (terra nil) (terra nil) (terra nil) (terra nil) (terra nil) (terra nil) (terra nil) (terra nil) (terra nil) (terra nil) (terra nil) (terra nil) (terra nil))
 ((terra nil) (terra nil) (terra nil) (terra nil) (terra nil) (terra nil) (terra nil) (terra nil) (terra nil) (terra nil) (terra nil) (terra nil) (terra nil) (terra nil) (terra nil))
 ((terra nil) (terra nil) (terra nil) (terra nil) (terra nil) (terra nil) (terra nil) (terra nil) (terra nil) (terra nil) (terra nil) (terra nil) (terra nil) (terra nil) (terra nil))
 ((terra nil) (terra nil) (terra nil) (terra nil) (terra nil) (terra nil) (terra nil) (terra nil) (terra nil) (terra nil) (terra nil) (terra nil) (terra nil) (terra nil) (terra nil))
 ((terra nil) (terra nil) (terra nil) (terra nil) (terra nil) (terra nil) (terra nil) (terra nil) (terra nil) (terra nil) (terra nil) (terra nil) (terra nil) (terra nil) (terra nil))
 ((terra nil) (terra nil) (terra nil) (terra nil) (terra nil) (terra nil) (terra nil) (terra nil) (terra nil) (terra nil) (terra nil) (terra nil) (terra nil) (terra nil) (terra nil))
 ((terra nil) (terra nil) (terra nil) (terra nil) (terra nil) (terra nil) (terra nil) (terra nil) (terra nil) (terra nil) (terra nil) (terra nil) (terra nil) (terra nil) (terra nil))
 ((terra nil) (terra nil) (terra nil) (terra nil) (terra nil) (terra nil) (terra nil) (terra nil) (terra nil) (terra nil) (terra nil) (terra nil) (terra nil) (terra nil) (terra nil))
 ((terra nil) (terra nil) (terra nil) (terra nil) (terra nil) (terra nil) (terra nil) (terra nil) (terra nil) (terra nil) (terra nil) (terra nil) (terra nil) (terra nil) (terra nil))
 ((terra nil) (terra nil) (terra nil) (terra nil) (terra nil) (terra nil) (terra nil) (terra nil) (terra nil) (terra nil) (terra nil) (terra nil) (terra nil) (terra nil) (terra nil base e2)))
